../Core/Src/main.c:76:1:__io_putchar	16	static
../Core/Src/main.c:82:7:adc_to_voltage	16	static
../Core/Src/main.c:87:7:dc_to_ac	16	static
../Core/Src/main.c:91:6:send_speed_in_i2c	40	static
../Core/Src/main.c:101:9:vac_to_speed	16	static
../Core/Src/main.c:121:5:main	8	static
../Core/Src/main.c:181:6:SystemClock_Config	88	static
../Core/Src/main.c:223:13:MX_ADC1_Init	24	static
../Core/Src/main.c:275:13:MX_I2C1_Init	8	static
../Core/Src/main.c:309:13:MX_USART2_UART_Init	8	static
../Core/Src/main.c:342:13:MX_GPIO_Init	56	static
../Core/Src/main.c:474:6:HAL_ADC_ConvCpltCallback	16	static
../Core/Src/main.c:526:6:Error_Handler	4	static,ignoring_inline_asm
